// Jest Snapshot v1, https://goo.gl/fbAQLP

exports[`SendStep should render send step page 1`] = `
<div
  className="st-container"
>
  <div
    className="success-modal"
  >
    <div
      className="sm-overlay"
    />
    <div
      className="sm-main"
    >
      <div
        className="sm-title"
      >
        Successfully sent
      </div>
      <div
        className="sm-content"
      >
        <div>
          <span>
            Your
          </span>
          <strong
            className="sm-currency"
          >
            
          </strong>
          <span>
            has been sent!
          </span>
        </div>
        <div>
          Thank you for using our service
        </div>
      </div>
      <button
        className="r-primary-btn full"
        onClick={[Function]}
      >
        OK
      </button>
    </div>
  </div>
  <div
    className="st-header"
  >
    <img
      alt="back"
      className="st-back-icon"
      onClick={[Function]}
      src="back-icon.png"
    />
    <span
      className="st-header-title"
    >
      Send Assets
    </span>
  </div>
  <div
    className="st-form"
  >
    <div
      className="st-form-row"
    >
      <div
        className="st-form-label"
      >
        from
      </div>
      <div
        className="r-text-input-container readonly"
      >
        <div
          className="r-text-input-readonly"
        >
          My wallet (7300...3334)
        </div>
      </div>
    </div>
    <div
      className="st-form-row"
    >
      <div
        className="st-form-label"
      >
        to
      </div>
      <div
        className="r-text-input-container false"
      >
        <input
          className="r-text-input"
          onChange={[Function]}
          type="text"
          value=""
        />
      </div>
    </div>
    <div
      className="st-form-row"
    >
      <div
        className="st-form-label"
      >
        asset
      </div>
      <div
        className="r-asset-input-container"
      >
        <div
          className="r-asset-info"
        />
        <img
          alt="options"
          className="r-asset-option-icon"
          onClick={[Function]}
          src="option-icon.png"
        />
      </div>
    </div>
    <div
      className="st-form-row"
    >
      <div
        className="st-group-label"
      >
        <div
          className="st-form-label"
        >
          amount
        </div>
        <div
          className="st-group-label-right"
        >
          <span>
            available:
          </span>
          <span>
            
          </span>
        </div>
      </div>
      <div
        className="r-text-input-container false"
      >
        <input
          className="r-text-input"
          onChange={[Function]}
          type="text"
          value=""
        />
        <div
          className="st-max-icon"
          onClick={[Function]}
        >
          Max
        </div>
      </div>
    </div>
  </div>
  <div
    className="st-control-group"
  >
    <button
      className="r-secondary-btn medium"
      onClick={[Function]}
    >
      Cancel
    </button>
    <button
      className="r-primary-btn medium"
      onClick={[Function]}
    >
      Send
    </button>
  </div>
</div>
`;
